[2024-03-29T16:22:46.143+0300][info][gc] Using Serial
[2024-03-29T16:22:48.398+0300][info][gc] GC(0) Pause Young (Allocation Failure) 4M->2M(15M) 6.080ms
[2024-03-29T16:22:48.534+0300][info][gc] GC(1) Pause Young (Allocation Failure) 6M->2M(15M) 3.751ms
[2024-03-29T16:22:48.619+0300][info][gc] GC(2) Pause Young (Allocation Failure) 7M->4M(15M) 6.104ms
[2024-03-29T16:22:48.847+0300][info][gc] GC(3) Pause Young (Allocation Failure) 8M->4M(15M) 2.876ms
[2024-03-29T16:22:50.161+0300][info][gc] GC(4) Pause Young (Allocation Failure) 8M->5M(15M) 6.211ms
[2024-03-29T16:22:58.215+0300][info][gc] GC(5) Pause Young (Allocation Failure) 9M->7M(15M) 4.365ms
[2024-03-29T16:22:58.228+0300][info][gc] GC(6) Pause Young (Allocation Failure) 11M->7M(15M) 1.759ms
[2024-03-29T16:22:58.239+0300][info][gc] GC(7) Pause Young (Allocation Failure) 12M->8M(15M) 1.044ms
[2024-03-29T16:22:58.246+0300][info][gc] GC(8) Pause Young (Allocation Failure) 12M->8M(15M) 1.063ms
[2024-03-29T16:22:58.255+0300][info][gc] GC(9) Pause Young (Allocation Failure) 13M->9M(15M) 0.964ms
[2024-03-29T16:22:58.261+0300][info][gc] GC(10) Pause Young (Allocation Failure) 13M->13M(15M) 0.041ms
[2024-03-29T16:22:58.278+0300][info][gc] GC(11) Pause Full (Allocation Failure) 13M->9M(15M) 17.052ms
[2024-03-29T16:22:58.290+0300][info][gc] GC(12) Pause Young (Allocation Failure) 13M->13M(15M) 0.043ms
[2024-03-29T16:22:58.306+0300][info][gc] GC(13) Pause Full (Allocation Failure) 13M->9M(15M) 15.973ms
[2024-03-29T16:22:58.316+0300][info][gc] GC(14) Pause Young (Allocation Failure) 13M->13M(15M) 0.060ms
[2024-03-29T16:22:58.330+0300][info][gc] GC(15) Pause Full (Allocation Failure) 13M->9M(15M) 14.119ms
[2024-03-29T16:22:58.334+0300][info][gc] GC(16) Pause Young (Allocation Failure) 14M->14M(15M) 0.036ms
[2024-03-29T16:22:58.348+0300][info][gc] GC(17) Pause Full (Allocation Failure) 14M->10M(15M) 14.044ms
[2024-03-29T16:22:58.355+0300][info][gc] GC(18) Pause Young (Allocation Failure) 14M->14M(15M) 0.078ms
[2024-03-29T16:22:58.371+0300][info][gc] GC(19) Pause Full (Allocation Failure) 14M->10M(15M) 15.647ms
[2024-03-29T16:22:58.392+0300][info][gc] GC(20) Pause Full (Allocation Failure) 15M->11M(15M) 17.136ms
[2024-03-29T16:22:58.412+0300][info][gc] GC(21) Pause Full (Allocation Failure) 15M->11M(15M) 15.023ms
[2024-03-29T16:22:58.432+0300][info][gc] GC(22) Pause Full (Allocation Failure) 15M->12M(15M) 17.330ms
[2024-03-29T16:22:58.450+0300][info][gc] GC(23) Pause Full (Allocation Failure) 15M->12M(15M) 15.394ms
[2024-03-29T16:22:58.471+0300][info][gc] GC(24) Pause Full (Allocation Failure) 15M->13M(15M) 18.340ms
[2024-03-29T16:22:58.489+0300][info][gc] GC(25) Pause Full (Allocation Failure) 15M->13M(15M) 16.450ms
[2024-03-29T16:22:58.509+0300][info][gc] GC(26) Pause Full (Allocation Failure) 15M->14M(15M) 17.921ms
[2024-03-29T16:22:58.528+0300][info][gc] GC(27) Pause Full (Allocation Failure) 15M->14M(15M) 17.254ms
[2024-03-29T16:22:58.545+0300][info][gc] GC(28) Pause Full (Allocation Failure) 15M->14M(15M) 16.023ms
[2024-03-29T16:22:58.564+0300][info][gc] GC(29) Pause Full (Allocation Failure) 15M->14M(15M) 17.188ms
[2024-03-29T16:22:58.586+0300][info][gc] GC(30) Pause Full (Allocation Failure) 15M->14M(15M) 20.669ms
[2024-03-29T16:22:58.603+0300][info][gc] GC(31) Pause Full (Allocation Failure) 15M->14M(15M) 16.543ms
[2024-03-29T16:22:58.619+0300][info][gc] GC(32) Pause Full (Allocation Failure) 15M->14M(15M) 15.784ms
[2024-03-29T16:22:58.637+0300][info][gc] GC(33) Pause Full (Allocation Failure) 15M->15M(15M) 16.618ms
[2024-03-29T16:22:58.657+0300][info][gc] GC(34) Pause Full (Allocation Failure) 15M->14M(15M) 19.600ms
[2024-03-29T16:22:58.672+0300][info][gc] GC(35) Pause Full (Allocation Failure) 15M->14M(15M) 14.860ms
[2024-03-29T16:22:58.688+0300][info][gc] GC(36) Pause Full (Allocation Failure) 15M->15M(15M) 15.119ms
[2024-03-29T16:22:58.704+0300][info][gc] GC(37) Pause Full (Allocation Failure) 15M->15M(15M) 14.613ms
[2024-03-29T16:22:58.722+0300][info][gc] GC(38) Pause Full (Allocation Failure) 15M->15M(15M) 17.871ms
[2024-03-29T16:22:58.738+0300][info][gc] GC(39) Pause Full (Allocation Failure) 15M->15M(15M) 15.261ms
[2024-03-29T16:22:58.754+0300][info][gc] GC(40) Pause Full (Allocation Failure) 15M->15M(15M) 15.494ms
[2024-03-29T16:22:58.769+0300][info][gc] GC(41) Pause Full (Allocation Failure) 15M->15M(15M) 14.596ms
[2024-03-29T16:22:58.783+0300][info][gc] GC(42) Pause Full (Allocation Failure) 15M->15M(15M) 13.051ms
[2024-03-29T16:22:58.795+0300][info][gc] GC(43) Pause Full (Allocation Failure) 15M->15M(15M) 11.986ms
[2024-03-29T16:22:58.809+0300][info][gc] GC(44) Pause Full (Allocation Failure) 15M->15M(15M) 14.335ms
[2024-03-29T16:22:59.930+0300][info][gc] GC(45) Pause Full (Allocation Failure) 15M->5M(15M) 39.253ms
[2024-03-29T16:23:28.180+0300][info][gc] GC(46) Pause Young (Allocation Failure) 9M->5M(15M) 1.408ms
[2024-03-29T16:23:48.733+0300][info][gc] GC(47) Pause Young (Allocation Failure) 10M->6M(15M) 3.659ms
[2024-03-29T16:23:48.769+0300][info][gc] GC(48) Pause Young (Allocation Failure) 11M->9M(15M) 4.219ms
[2024-03-29T16:23:48.792+0300][info][gc] GC(49) Pause Young (Allocation Failure) 13M->13M(15M) 0.037ms
[2024-03-29T16:23:48.816+0300][info][gc] GC(50) Pause Full (Allocation Failure) 13M->9M(15M) 23.595ms
[2024-03-29T16:23:48.831+0300][info][gc] GC(51) Pause Young (Allocation Failure) 14M->14M(15M) 0.050ms
[2024-03-29T16:23:48.851+0300][info][gc] GC(52) Pause Full (Allocation Failure) 14M->12M(15M) 20.699ms
[2024-03-29T16:23:48.901+0300][info][gc] GC(53) Pause Full (Allocation Failure) 15M->13M(15M) 24.017ms
[2024-03-29T16:23:48.934+0300][info][gc] GC(54) Pause Full (Allocation Failure) 15M->14M(15M) 23.505ms
[2024-03-29T16:23:48.968+0300][info][gc] GC(55) Pause Full (Allocation Failure) 15M->14M(15M) 25.099ms
[2024-03-29T16:23:48.996+0300][info][gc] GC(56) Pause Full (Allocation Failure) 15M->14M(15M) 22.424ms
[2024-03-29T16:23:49.022+0300][info][gc] GC(57) Pause Full (Allocation Failure) 15M->15M(15M) 22.472ms
[2024-03-29T16:23:49.050+0300][info][gc] GC(58) Pause Full (Allocation Failure) 15M->15M(15M) 22.470ms
[2024-03-29T16:23:49.087+0300][info][gc] GC(59) Pause Full (Allocation Failure) 15M->15M(15M) 34.138ms
[2024-03-29T16:23:49.125+0300][info][gc] GC(60) Pause Full (Allocation Failure) 15M->15M(15M) 35.226ms
[2024-03-29T16:23:49.155+0300][info][gc] GC(61) Pause Full (Allocation Failure) 15M->15M(15M) 27.318ms
[2024-03-29T16:23:49.184+0300][info][gc] GC(62) Pause Full (Allocation Failure) 15M->15M(15M) 26.778ms
[2024-03-29T16:23:49.223+0300][info][gc] GC(63) Pause Full (Allocation Failure) 15M->15M(15M) 37.118ms
[2024-03-29T16:23:49.248+0300][info][gc] GC(64) Pause Full (Allocation Failure) 15M->15M(15M) 23.844ms
[2024-03-29T16:23:49.277+0300][info][gc] GC(65) Pause Full (Allocation Failure) 15M->15M(15M) 26.692ms
[2024-03-29T16:23:49.305+0300][info][gc] GC(66) Pause Full (Allocation Failure) 15M->15M(15M) 27.422ms
[2024-03-29T16:23:49.334+0300][info][gc] GC(67) Pause Full (Allocation Failure) 15M->15M(15M) 27.128ms
[2024-03-29T16:23:49.358+0300][info][gc] GC(68) Pause Full (Allocation Failure) 15M->15M(15M) 22.659ms
[2024-03-29T16:23:49.382+0300][info][gc] GC(69) Pause Full (Allocation Failure) 15M->15M(15M) 22.316ms
[2024-03-29T16:23:49.406+0300][info][gc] GC(70) Pause Full (Allocation Failure) 15M->15M(15M) 23.743ms
[2024-03-29T16:23:49.434+0300][info][gc] GC(71) Pause Full (Allocation Failure) 15M->15M(15M) 25.423ms
[2024-03-29T16:23:49.458+0300][info][gc] GC(72) Pause Full (Allocation Failure) 15M->15M(15M) 22.343ms
[2024-03-29T16:23:49.484+0300][info][gc] GC(73) Pause Full (Allocation Failure) 15M->15M(15M) 24.808ms
[2024-03-29T16:23:49.508+0300][info][gc] GC(74) Pause Full (Allocation Failure) 15M->15M(15M) 23.093ms
[2024-03-29T16:23:49.535+0300][info][gc] GC(75) Pause Full (Allocation Failure) 15M->15M(15M) 25.800ms
[2024-03-29T16:23:49.557+0300][info][gc] GC(76) Pause Full (Allocation Failure) 15M->15M(15M) 21.791ms
[2024-03-29T16:23:49.584+0300][info][gc] GC(77) Pause Full (Allocation Failure) 15M->15M(15M) 25.270ms
[2024-03-29T16:23:49.608+0300][info][gc] GC(78) Pause Full (Allocation Failure) 15M->15M(15M) 24.346ms
[2024-03-29T16:23:49.633+0300][info][gc] GC(79) Pause Full (Allocation Failure) 15M->15M(15M) 23.703ms
[2024-03-29T16:23:49.663+0300][info][gc] GC(80) Pause Full (Allocation Failure) 15M->15M(15M) 29.053ms
[2024-03-29T16:23:49.687+0300][info][gc] GC(81) Pause Full (Allocation Failure) 15M->15M(15M) 23.056ms
[2024-03-29T16:23:49.714+0300][info][gc] GC(82) Pause Full (Allocation Failure) 15M->15M(15M) 26.330ms
[2024-03-29T16:23:49.743+0300][info][gc] GC(83) Pause Full (Allocation Failure) 15M->15M(15M) 27.939ms
[2024-03-29T16:23:49.768+0300][info][gc] GC(84) Pause Full (Allocation Failure) 15M->15M(15M) 24.270ms
[2024-03-29T16:23:49.794+0300][info][gc] GC(85) Pause Full (Allocation Failure) 15M->15M(15M) 25.142ms
[2024-03-29T16:23:49.818+0300][info][gc] GC(86) Pause Full (Allocation Failure) 15M->15M(15M) 22.297ms
[2024-03-29T16:23:49.842+0300][info][gc] GC(87) Pause Full (Allocation Failure) 15M->15M(15M) 23.613ms
[2024-03-29T16:23:49.865+0300][info][gc] GC(88) Pause Full (Allocation Failure) 15M->15M(15M) 22.147ms
[2024-03-29T16:23:49.890+0300][info][gc] GC(89) Pause Full (Allocation Failure) 15M->15M(15M) 24.726ms
[2024-03-29T16:23:49.919+0300][info][gc] GC(90) Pause Full (Allocation Failure) 15M->15M(15M) 24.612ms
[2024-03-29T16:23:49.950+0300][info][gc] GC(91) Pause Full (Allocation Failure) 15M->14M(15M) 24.433ms
[2024-03-29T16:23:52.185+0300][info][gc] GC(92) Pause Full (Allocation Failure) 15M->6M(15M) 16.373ms
[2024-03-29T16:24:19.209+0300][info][gc] GC(93) Pause Young (Allocation Failure) 10M->6M(15M) 1.343ms
[2024-03-29T16:24:19.225+0300][info][gc] GC(94) Pause Young (Allocation Failure) 11M->9M(15M) 3.612ms
[2024-03-29T16:24:19.247+0300][info][gc] GC(95) Pause Young (Allocation Failure) 13M->13M(15M) 0.056ms
[2024-03-29T16:24:19.270+0300][info][gc] GC(96) Pause Full (Allocation Failure) 13M->10M(15M) 24.309ms
[2024-03-29T16:24:19.290+0300][info][gc] GC(97) Pause Young (Allocation Failure) 14M->14M(15M) 0.038ms
[2024-03-29T16:24:19.314+0300][info][gc] GC(98) Pause Full (Allocation Failure) 14M->11M(15M) 23.863ms
[2024-03-29T16:24:19.352+0300][info][gc] GC(99) Pause Full (Allocation Failure) 15M->13M(15M) 26.380ms
[2024-03-29T16:24:19.387+0300][info][gc] GC(100) Pause Full (Allocation Failure) 15M->13M(15M) 24.289ms
[2024-03-29T16:24:19.416+0300][info][gc] GC(101) Pause Full (Allocation Failure) 15M->14M(15M) 24.443ms
[2024-03-29T16:24:19.444+0300][info][gc] GC(102) Pause Full (Allocation Failure) 15M->14M(15M) 23.759ms
[2024-03-29T16:24:19.473+0300][info][gc] GC(103) Pause Full (Allocation Failure) 15M->15M(15M) 23.573ms
[2024-03-29T16:24:19.499+0300][info][gc] GC(104) Pause Full (Allocation Failure) 15M->15M(15M) 22.400ms
[2024-03-29T16:24:19.524+0300][info][gc] GC(105) Pause Full (Allocation Failure) 15M->15M(15M) 22.799ms
[2024-03-29T16:24:19.548+0300][info][gc] GC(106) Pause Full (Allocation Failure) 15M->15M(15M) 22.173ms
[2024-03-29T16:24:19.573+0300][info][gc] GC(107) Pause Full (Allocation Failure) 15M->15M(15M) 23.834ms
[2024-03-29T16:24:19.596+0300][info][gc] GC(108) Pause Full (Allocation Failure) 15M->15M(15M) 22.889ms
[2024-03-29T16:24:19.620+0300][info][gc] GC(109) Pause Full (Allocation Failure) 15M->15M(15M) 22.919ms
[2024-03-29T16:24:19.644+0300][info][gc] GC(110) Pause Full (Allocation Failure) 15M->15M(15M) 24.292ms
[2024-03-29T16:24:19.669+0300][info][gc] GC(111) Pause Full (Allocation Failure) 15M->15M(15M) 24.684ms
[2024-03-29T16:24:19.692+0300][info][gc] GC(112) Pause Full (Allocation Failure) 15M->15M(15M) 22.350ms
[2024-03-29T16:24:19.719+0300][info][gc] GC(113) Pause Full (Allocation Failure) 15M->15M(15M) 26.052ms
[2024-03-29T16:24:19.745+0300][info][gc] GC(114) Pause Full (Allocation Failure) 15M->15M(15M) 25.196ms
[2024-03-29T16:24:19.771+0300][info][gc] GC(115) Pause Full (Allocation Failure) 15M->15M(15M) 25.742ms
[2024-03-29T16:24:19.796+0300][info][gc] GC(116) Pause Full (Allocation Failure) 15M->15M(15M) 24.560ms
[2024-03-29T16:24:19.820+0300][info][gc] GC(117) Pause Full (Allocation Failure) 15M->15M(15M) 23.457ms
[2024-03-29T16:24:19.843+0300][info][gc] GC(118) Pause Full (Allocation Failure) 15M->15M(15M) 23.085ms
[2024-03-29T16:24:19.867+0300][info][gc] GC(119) Pause Full (Allocation Failure) 15M->15M(15M) 23.607ms
[2024-03-29T16:24:19.891+0300][info][gc] GC(120) Pause Full (Allocation Failure) 15M->15M(15M) 24.104ms
[2024-03-29T16:24:19.915+0300][info][gc] GC(121) Pause Full (Allocation Failure) 15M->15M(15M) 23.520ms
[2024-03-29T16:24:19.939+0300][info][gc] GC(122) Pause Full (Allocation Failure) 15M->15M(15M) 23.419ms
[2024-03-29T16:24:19.963+0300][info][gc] GC(123) Pause Full (Allocation Failure) 15M->15M(15M) 23.975ms
[2024-03-29T16:24:19.988+0300][info][gc] GC(124) Pause Full (Allocation Failure) 15M->15M(15M) 24.366ms
[2024-03-29T16:24:20.010+0300][info][gc] GC(125) Pause Full (Allocation Failure) 15M->15M(15M) 21.639ms
[2024-03-29T16:24:20.032+0300][info][gc] GC(126) Pause Full (Allocation Failure) 15M->15M(15M) 22.468ms
[2024-03-29T16:24:20.055+0300][info][gc] GC(127) Pause Full (Allocation Failure) 15M->15M(15M) 22.112ms
[2024-03-29T16:24:20.080+0300][info][gc] GC(128) Pause Full (Allocation Failure) 15M->15M(15M) 24.513ms
[2024-03-29T16:24:20.103+0300][info][gc] GC(129) Pause Full (Allocation Failure) 15M->15M(15M) 22.206ms
[2024-03-29T16:24:20.125+0300][info][gc] GC(130) Pause Full (Allocation Failure) 15M->15M(15M) 21.740ms
[2024-03-29T16:24:20.148+0300][info][gc] GC(131) Pause Full (Allocation Failure) 15M->15M(15M) 22.550ms
[2024-03-29T16:24:20.171+0300][info][gc] GC(132) Pause Full (Allocation Failure) 15M->15M(15M) 23.085ms
[2024-03-29T16:24:20.194+0300][info][gc] GC(133) Pause Full (Allocation Failure) 15M->15M(15M) 22.818ms
[2024-03-29T16:24:20.224+0300][info][gc] GC(134) Pause Full (Allocation Failure) 15M->15M(15M) 29.374ms
[2024-03-29T16:24:20.252+0300][info][gc] GC(135) Pause Full (Allocation Failure) 15M->15M(15M) 27.415ms
[2024-03-29T16:24:20.284+0300][info][gc] GC(136) Pause Full (Allocation Failure) 15M->15M(15M) 31.486ms
[2024-03-29T16:24:20.307+0300][info][gc] GC(137) Pause Full (Allocation Failure) 15M->15M(15M) 22.572ms
[2024-03-29T16:24:20.332+0300][info][gc] GC(138) Pause Full (Allocation Failure) 15M->15M(15M) 24.423ms
[2024-03-29T16:24:20.357+0300][info][gc] GC(139) Pause Full (Allocation Failure) 15M->15M(15M) 25.025ms
[2024-03-29T16:24:20.380+0300][info][gc] GC(140) Pause Full (Allocation Failure) 15M->15M(15M) 22.840ms
[2024-03-29T16:24:20.404+0300][info][gc] GC(141) Pause Full (Allocation Failure) 15M->15M(15M) 24.249ms
[2024-03-29T16:24:20.427+0300][info][gc] GC(142) Pause Full (Allocation Failure) 15M->15M(15M) 22.831ms
[2024-03-29T16:24:20.456+0300][info][gc] GC(143) Pause Full (Allocation Failure) 15M->15M(15M) 27.730ms
[2024-03-29T16:24:20.479+0300][info][gc] GC(144) Pause Full (Allocation Failure) 15M->15M(15M) 22.393ms
[2024-03-29T16:24:20.502+0300][info][gc] GC(145) Pause Full (Allocation Failure) 15M->15M(15M) 23.412ms
[2024-03-29T16:24:20.525+0300][info][gc] GC(146) Pause Full (Allocation Failure) 15M->15M(15M) 22.042ms
[2024-03-29T16:24:20.551+0300][info][gc] GC(147) Pause Full (Allocation Failure) 15M->15M(15M) 25.441ms
[2024-03-29T16:24:20.581+0300][info][gc] GC(148) Pause Full (Allocation Failure) 15M->15M(15M) 29.206ms
[2024-03-29T16:24:20.606+0300][info][gc] GC(149) Pause Full (Allocation Failure) 15M->15M(15M) 25.055ms
[2024-03-29T16:24:20.632+0300][info][gc] GC(150) Pause Full (Allocation Failure) 15M->15M(15M) 25.300ms
[2024-03-29T16:24:20.658+0300][info][gc] GC(151) Pause Full (Allocation Failure) 15M->15M(15M) 25.857ms
[2024-03-29T16:24:20.683+0300][info][gc] GC(152) Pause Full (Allocation Failure) 15M->15M(15M) 24.571ms
[2024-03-29T16:24:20.710+0300][info][gc] GC(153) Pause Full (Allocation Failure) 15M->15M(15M) 26.497ms
[2024-03-29T16:24:20.733+0300][info][gc] GC(154) Pause Full (Allocation Failure) 15M->15M(15M) 22.337ms
[2024-03-29T16:24:20.760+0300][info][gc] GC(155) Pause Full (Allocation Failure) 15M->15M(15M) 26.572ms
[2024-03-29T16:24:20.783+0300][info][gc] GC(156) Pause Full (Allocation Failure) 15M->15M(15M) 22.887ms
[2024-03-29T16:24:20.805+0300][info][gc] GC(157) Pause Full (Allocation Failure) 15M->15M(15M) 22.171ms
[2024-03-29T16:24:20.828+0300][info][gc] GC(158) Pause Full (Allocation Failure) 15M->15M(15M) 22.453ms
[2024-03-29T16:24:20.852+0300][info][gc] GC(159) Pause Full (Allocation Failure) 15M->15M(15M) 23.264ms
[2024-03-29T16:24:20.877+0300][info][gc] GC(160) Pause Full (Allocation Failure) 15M->15M(15M) 24.252ms
[2024-03-29T16:24:20.903+0300][info][gc] GC(161) Pause Full (Allocation Failure) 15M->15M(15M) 25.167ms
[2024-03-29T16:24:20.928+0300][info][gc] GC(162) Pause Full (Allocation Failure) 15M->15M(15M) 24.619ms
[2024-03-29T16:24:20.953+0300][info][gc] GC(163) Pause Full (Allocation Failure) 15M->15M(15M) 25.034ms
[2024-03-29T16:24:20.977+0300][info][gc] GC(164) Pause Full (Allocation Failure) 15M->15M(15M) 22.980ms
[2024-03-29T16:24:21.001+0300][info][gc] GC(165) Pause Full (Allocation Failure) 15M->15M(15M) 22.572ms
[2024-03-29T16:24:21.023+0300][info][gc] GC(166) Pause Full (Allocation Failure) 15M->15M(15M) 22.301ms
[2024-03-29T16:24:21.048+0300][info][gc] GC(167) Pause Full (Allocation Failure) 15M->15M(15M) 24.034ms
[2024-03-29T16:24:21.073+0300][info][gc] GC(168) Pause Full (Allocation Failure) 15M->15M(15M) 24.239ms
[2024-03-29T16:24:21.096+0300][info][gc] GC(169) Pause Full (Allocation Failure) 15M->15M(15M) 22.447ms
[2024-03-29T16:24:21.122+0300][info][gc] GC(170) Pause Full (Allocation Failure) 15M->15M(15M) 25.332ms
[2024-03-29T16:24:21.149+0300][info][gc] GC(171) Pause Full (Allocation Failure) 15M->15M(15M) 25.885ms
[2024-03-29T16:24:21.176+0300][info][gc] GC(172) Pause Full (Allocation Failure) 15M->15M(15M) 28.143ms
[2024-03-29T16:24:21.203+0300][info][gc] GC(173) Pause Full (Allocation Failure) 15M->15M(15M) 26.558ms
[2024-03-29T16:24:21.229+0300][info][gc] GC(174) Pause Full (Allocation Failure) 15M->15M(15M) 24.756ms
[2024-03-29T16:24:21.255+0300][info][gc] GC(175) Pause Full (Allocation Failure) 15M->15M(15M) 26.089ms
[2024-03-29T16:24:21.280+0300][info][gc] GC(176) Pause Full (Allocation Failure) 15M->15M(15M) 24.327ms
[2024-03-29T16:24:21.303+0300][info][gc] GC(177) Pause Full (Allocation Failure) 15M->15M(15M) 22.437ms
[2024-03-29T16:24:21.325+0300][info][gc] GC(178) Pause Full (Allocation Failure) 15M->15M(15M) 21.779ms
[2024-03-29T16:24:21.349+0300][info][gc] GC(179) Pause Full (Allocation Failure) 15M->15M(15M) 23.148ms
[2024-03-29T16:24:21.376+0300][info][gc] GC(180) Pause Full (Allocation Failure) 15M->15M(15M) 25.561ms
[2024-03-29T16:24:21.400+0300][info][gc] GC(181) Pause Full (Allocation Failure) 15M->15M(15M) 23.622ms
[2024-03-29T16:24:21.427+0300][info][gc] GC(182) Pause Full (Allocation Failure) 15M->15M(15M) 26.557ms
[2024-03-29T16:24:21.454+0300][info][gc] GC(183) Pause Full (Allocation Failure) 15M->15M(15M) 26.435ms
[2024-03-29T16:24:21.477+0300][info][gc] GC(184) Pause Full (Allocation Failure) 15M->15M(15M) 22.273ms
[2024-03-29T16:24:21.499+0300][info][gc] GC(185) Pause Full (Allocation Failure) 15M->15M(15M) 21.927ms
[2024-03-29T16:24:21.522+0300][info][gc] GC(186) Pause Full (Allocation Failure) 15M->15M(15M) 23.174ms
[2024-03-29T16:24:21.544+0300][info][gc] GC(187) Pause Full (Allocation Failure) 15M->15M(15M) 22.629ms
[2024-03-29T16:24:21.567+0300][info][gc] GC(188) Pause Full (Allocation Failure) 15M->15M(15M) 22.268ms
[2024-03-29T16:24:21.590+0300][info][gc] GC(189) Pause Full (Allocation Failure) 15M->15M(15M) 22.541ms
[2024-03-29T16:24:21.615+0300][info][gc] GC(190) Pause Full (Allocation Failure) 15M->15M(15M) 23.830ms
[2024-03-29T16:24:21.639+0300][info][gc] GC(191) Pause Full (Allocation Failure) 15M->15M(15M) 23.795ms
[2024-03-29T16:24:21.662+0300][info][gc] GC(192) Pause Full (Allocation Failure) 15M->15M(15M) 22.258ms
[2024-03-29T16:24:21.685+0300][info][gc] GC(193) Pause Full (Allocation Failure) 15M->15M(15M) 22.262ms
[2024-03-29T16:24:21.712+0300][info][gc] GC(194) Pause Full (Allocation Failure) 15M->15M(15M) 27.148ms
[2024-03-29T16:24:21.739+0300][info][gc] GC(195) Pause Full (Allocation Failure) 15M->15M(15M) 25.568ms
[2024-03-29T16:24:21.762+0300][info][gc] GC(196) Pause Full (Allocation Failure) 15M->15M(15M) 22.807ms
[2024-03-29T16:24:21.785+0300][info][gc] GC(197) Pause Full (Allocation Failure) 15M->15M(15M) 22.784ms
[2024-03-29T16:24:21.810+0300][info][gc] GC(198) Pause Full (Allocation Failure) 15M->15M(15M) 24.283ms
[2024-03-29T16:24:21.834+0300][info][gc] GC(199) Pause Full (Allocation Failure) 15M->15M(15M) 23.244ms
[2024-03-29T16:24:21.857+0300][info][gc] GC(200) Pause Full (Allocation Failure) 15M->15M(15M) 22.603ms
[2024-03-29T16:24:21.880+0300][info][gc] GC(201) Pause Full (Allocation Failure) 15M->15M(15M) 22.793ms
[2024-03-29T16:24:21.905+0300][info][gc] GC(202) Pause Full (Allocation Failure) 15M->15M(15M) 23.925ms
[2024-03-29T16:24:21.927+0300][info][gc] GC(203) Pause Full (Allocation Failure) 15M->15M(15M) 22.210ms
[2024-03-29T16:24:21.949+0300][info][gc] GC(204) Pause Full (Allocation Failure) 15M->15M(15M) 22.019ms
[2024-03-29T16:24:21.974+0300][info][gc] GC(205) Pause Full (Allocation Failure) 15M->15M(15M) 23.934ms
[2024-03-29T16:24:22.000+0300][info][gc] GC(206) Pause Full (Allocation Failure) 15M->15M(15M) 25.584ms
[2024-03-29T16:24:22.026+0300][info][gc] GC(207) Pause Full (Allocation Failure) 15M->15M(15M) 25.560ms
[2024-03-29T16:24:22.050+0300][info][gc] GC(208) Pause Full (Allocation Failure) 15M->15M(15M) 24.306ms
[2024-03-29T16:24:22.074+0300][info][gc] GC(209) Pause Full (Allocation Failure) 15M->15M(15M) 22.918ms
[2024-03-29T16:24:22.097+0300][info][gc] GC(210) Pause Full (Allocation Failure) 15M->15M(15M) 22.190ms
[2024-03-29T16:24:22.120+0300][info][gc] GC(211) Pause Full (Allocation Failure) 15M->15M(15M) 23.471ms
[2024-03-29T16:24:22.143+0300][info][gc] GC(212) Pause Full (Allocation Failure) 15M->15M(15M) 22.420ms
[2024-03-29T16:24:22.169+0300][info][gc] GC(213) Pause Full (Allocation Failure) 15M->15M(15M) 25.330ms
[2024-03-29T16:24:22.192+0300][info][gc] GC(214) Pause Full (Allocation Failure) 15M->15M(15M) 22.705ms
[2024-03-29T16:24:22.221+0300][info][gc] GC(215) Pause Full (Allocation Failure) 15M->15M(15M) 27.794ms
[2024-03-29T16:24:22.245+0300][info][gc] GC(216) Pause Full (Allocation Failure) 15M->15M(15M) 23.471ms
[2024-03-29T16:24:22.268+0300][info][gc] GC(217) Pause Full (Allocation Failure) 15M->15M(15M) 22.485ms
[2024-03-29T16:24:22.293+0300][info][gc] GC(218) Pause Full (Allocation Failure) 15M->15M(15M) 25.337ms
[2024-03-29T16:24:22.317+0300][info][gc] GC(219) Pause Full (Allocation Failure) 15M->15M(15M) 23.828ms
[2024-03-29T16:24:22.342+0300][info][gc] GC(220) Pause Full (Allocation Failure) 15M->15M(15M) 24.186ms
[2024-03-29T16:24:22.364+0300][info][gc] GC(221) Pause Full (Allocation Failure) 15M->15M(15M) 21.739ms
[2024-03-29T16:24:22.387+0300][info][gc] GC(222) Pause Full (Allocation Failure) 15M->15M(15M) 22.666ms
[2024-03-29T16:24:22.420+0300][info][gc] GC(223) Pause Full (Allocation Failure) 15M->15M(15M) 32.036ms
[2024-03-29T16:24:22.447+0300][info][gc] GC(224) Pause Full (Allocation Failure) 15M->15M(15M) 26.427ms
[2024-03-29T16:24:22.469+0300][info][gc] GC(225) Pause Full (Allocation Failure) 15M->15M(15M) 22.014ms
[2024-03-29T16:24:22.492+0300][info][gc] GC(226) Pause Full (Allocation Failure) 15M->15M(15M) 22.051ms
[2024-03-29T16:24:22.514+0300][info][gc] GC(227) Pause Full (Allocation Failure) 15M->15M(15M) 22.340ms
[2024-03-29T16:24:22.537+0300][info][gc] GC(228) Pause Full (Allocation Failure) 15M->15M(15M) 22.387ms
[2024-03-29T16:24:22.560+0300][info][gc] GC(229) Pause Full (Allocation Failure) 15M->15M(15M) 22.506ms
[2024-03-29T16:24:22.587+0300][info][gc] GC(230) Pause Full (Allocation Failure) 15M->15M(15M) 25.981ms
[2024-03-29T16:24:22.617+0300][info][gc] GC(231) Pause Full (Allocation Failure) 15M->15M(15M) 28.982ms
[2024-03-29T16:24:22.641+0300][info][gc] GC(232) Pause Full (Allocation Failure) 15M->15M(15M) 23.459ms
[2024-03-29T16:24:22.665+0300][info][gc] GC(233) Pause Full (Allocation Failure) 15M->15M(15M) 23.594ms
[2024-03-29T16:24:22.687+0300][info][gc] GC(234) Pause Full (Allocation Failure) 15M->15M(15M) 22.320ms
[2024-03-29T16:24:22.715+0300][info][gc] GC(235) Pause Full (Allocation Failure) 15M->15M(15M) 27.192ms
[2024-03-29T16:24:22.739+0300][info][gc] GC(236) Pause Full (Allocation Failure) 15M->15M(15M) 23.691ms
[2024-03-29T16:24:22.762+0300][info][gc] GC(237) Pause Full (Allocation Failure) 15M->15M(15M) 22.975ms
[2024-03-29T16:24:22.785+0300][info][gc] GC(238) Pause Full (Allocation Failure) 15M->15M(15M) 22.533ms
[2024-03-29T16:24:22.809+0300][info][gc] GC(239) Pause Full (Allocation Failure) 15M->15M(15M) 23.915ms
[2024-03-29T16:24:22.834+0300][info][gc] GC(240) Pause Full (Allocation Failure) 15M->15M(15M) 23.564ms
[2024-03-29T16:24:22.857+0300][info][gc] GC(241) Pause Full (Allocation Failure) 15M->15M(15M) 22.491ms
[2024-03-29T16:24:22.882+0300][info][gc] GC(242) Pause Full (Allocation Failure) 15M->15M(15M) 24.296ms
[2024-03-29T16:24:22.907+0300][info][gc] GC(243) Pause Full (Allocation Failure) 15M->15M(15M) 24.919ms
[2024-03-29T16:24:22.932+0300][info][gc] GC(244) Pause Full (Allocation Failure) 15M->15M(15M) 23.380ms
[2024-03-29T16:24:22.956+0300][info][gc] GC(245) Pause Full (Allocation Failure) 15M->15M(15M) 23.981ms
[2024-03-29T16:24:22.979+0300][info][gc] GC(246) Pause Full (Allocation Failure) 15M->15M(15M) 22.147ms
[2024-03-29T16:24:23.006+0300][info][gc] GC(247) Pause Full (Allocation Failure) 15M->15M(15M) 26.845ms
[2024-03-29T16:24:23.031+0300][info][gc] GC(248) Pause Full (Allocation Failure) 15M->15M(15M) 25.643ms
[2024-03-29T16:24:23.054+0300][info][gc] GC(249) Pause Full (Allocation Failure) 15M->15M(15M) 23.006ms
[2024-03-29T16:24:23.078+0300][info][gc] GC(250) Pause Full (Allocation Failure) 15M->15M(15M) 23.863ms
[2024-03-29T16:24:23.103+0300][info][gc] GC(251) Pause Full (Allocation Failure) 15M->15M(15M) 24.130ms
[2024-03-29T16:24:23.129+0300][info][gc] GC(252) Pause Full (Allocation Failure) 15M->15M(15M) 24.984ms
[2024-03-29T16:24:23.153+0300][info][gc] GC(253) Pause Full (Allocation Failure) 15M->15M(15M) 24.131ms
[2024-03-29T16:24:23.183+0300][info][gc] GC(254) Pause Full (Allocation Failure) 15M->15M(15M) 29.425ms
[2024-03-29T16:24:23.208+0300][info][gc] GC(255) Pause Full (Allocation Failure) 15M->15M(15M) 23.948ms
[2024-03-29T16:24:23.236+0300][info][gc] GC(256) Pause Full (Allocation Failure) 15M->15M(15M) 26.935ms
[2024-03-29T16:24:23.275+0300][info][gc] GC(257) Pause Full (Allocation Failure) 15M->15M(15M) 37.181ms
[2024-03-29T16:24:23.297+0300][info][gc] GC(258) Pause Full (Allocation Failure) 15M->15M(15M) 22.244ms
[2024-03-29T16:24:23.320+0300][info][gc] GC(259) Pause Full (Allocation Failure) 15M->15M(15M) 22.235ms
[2024-03-29T16:24:23.343+0300][info][gc] GC(260) Pause Full (Allocation Failure) 15M->15M(15M) 22.096ms
[2024-03-29T16:24:23.367+0300][info][gc] GC(261) Pause Full (Allocation Failure) 15M->15M(15M) 22.544ms
[2024-03-29T16:24:23.392+0300][info][gc] GC(262) Pause Full (Allocation Failure) 15M->15M(15M) 23.084ms
[2024-03-29T16:24:23.422+0300][info][gc] GC(263) Pause Full (Allocation Failure) 15M->15M(15M) 28.831ms
[2024-03-29T16:24:23.457+0300][info][gc] GC(264) Pause Full (Allocation Failure) 15M->14M(15M) 24.596ms
[2024-03-29T16:24:27.225+0300][info][gc] GC(265) Pause Full (Allocation Failure) 15M->6M(15M) 20.002ms
