[2024-03-29T16:42:12.237+0300][info][gc] Using Serial
[2024-03-29T16:42:14.105+0300][info][gc] GC(0) Pause Young (Allocation Failure) 4M->2M(15M) 5.321ms
[2024-03-29T16:42:14.250+0300][info][gc] GC(1) Pause Young (Allocation Failure) 6M->2M(15M) 4.657ms
[2024-03-29T16:42:14.336+0300][info][gc] GC(2) Pause Young (Allocation Failure) 7M->4M(15M) 4.579ms
[2024-03-29T16:42:14.545+0300][info][gc] GC(3) Pause Young (Allocation Failure) 8M->4M(15M) 2.747ms
[2024-03-29T16:42:15.839+0300][info][gc] GC(4) Pause Young (Allocation Failure) 8M->5M(15M) 5.774ms
[2024-03-29T16:42:35.359+0300][info][gc] GC(5) Pause Young (Allocation Failure) 9M->6M(15M) 3.508ms
[2024-03-29T16:42:35.392+0300][info][gc] GC(6) Pause Young (Allocation Failure) 10M->8M(15M) 4.857ms
[2024-03-29T16:42:35.412+0300][info][gc] GC(7) Pause Young (Allocation Failure) 13M->13M(15M) 0.070ms
[2024-03-29T16:42:35.437+0300][info][gc] GC(8) Pause Full (Allocation Failure) 13M->7M(15M) 24.171ms
[2024-03-29T16:42:35.455+0300][info][gc] GC(9) Pause Young (Allocation Failure) 12M->10M(15M) 5.554ms
[2024-03-29T16:42:35.468+0300][info][gc] GC(10) Pause Young (Allocation Failure) 14M->14M(15M) 0.038ms
[2024-03-29T16:42:35.487+0300][info][gc] GC(11) Pause Full (Allocation Failure) 14M->8M(15M) 18.851ms
[2024-03-29T16:42:35.504+0300][info][gc] GC(12) Pause Young (Allocation Failure) 12M->10M(15M) 4.504ms
[2024-03-29T16:42:35.514+0300][info][gc] GC(13) Pause Young (Allocation Failure) 15M->15M(15M) 0.040ms
[2024-03-29T16:42:35.532+0300][info][gc] GC(14) Pause Full (Allocation Failure) 15M->8M(15M) 18.292ms
[2024-03-29T16:43:03.838+0300][info][gc] GC(15) Pause Young (Allocation Failure) 12M->12M(15M) 0.160ms
[2024-03-29T16:43:03.884+0300][info][gc] GC(16) Pause Full (Allocation Failure) 12M->4M(15M) 45.904ms
[2024-03-29T16:43:04.337+0300][info][gc] GC(17) Pause Young (Allocation Failure) 8M->7M(15M) 3.367ms
[2024-03-29T16:43:04.352+0300][info][gc] GC(18) Pause Young (Allocation Failure) 11M->9M(15M) 4.572ms
[2024-03-29T16:43:04.361+0300][info][gc] GC(19) Pause Young (Allocation Failure) 13M->13M(15M) 0.038ms
[2024-03-29T16:43:04.384+0300][info][gc] GC(20) Pause Full (Allocation Failure) 13M->9M(15M) 22.380ms
[2024-03-29T16:43:04.394+0300][info][gc] GC(21) Pause Young (Allocation Failure) 13M->13M(15M) 0.075ms
[2024-03-29T16:43:04.410+0300][info][gc] GC(22) Pause Full (Allocation Failure) 13M->7M(15M) 16.077ms
[2024-03-29T16:43:04.427+0300][info][gc] GC(23) Pause Young (Allocation Failure) 11M->9M(15M) 4.930ms
[2024-03-29T16:43:04.437+0300][info][gc] GC(24) Pause Young (Allocation Failure) 14M->14M(15M) 0.060ms
[2024-03-29T16:43:04.455+0300][info][gc] GC(25) Pause Full (Allocation Failure) 14M->8M(15M) 17.980ms
[2024-03-29T16:43:21.888+0300][info][gc] GC(26) Pause Young (Allocation Failure) 12M->12M(15M) 0.058ms
[2024-03-29T16:43:21.910+0300][info][gc] GC(27) Pause Full (Allocation Failure) 12M->5M(15M) 22.764ms
