[2024-03-29T16:10:06.522+0300][info][gc] Using Serial
[2024-03-29T16:10:12.155+0300][info][gc] GC(0) Pause Young (Allocation Failure) 4M->2M(15M) 4.927ms
[2024-03-29T16:10:12.284+0300][info][gc] GC(1) Pause Young (Allocation Failure) 6M->2M(15M) 3.647ms
[2024-03-29T16:10:12.364+0300][info][gc] GC(2) Pause Young (Allocation Failure) 7M->4M(15M) 5.921ms
[2024-03-29T16:10:12.566+0300][info][gc] GC(3) Pause Young (Allocation Failure) 8M->4M(15M) 2.859ms
[2024-03-29T16:10:13.882+0300][info][gc] GC(4) Pause Young (Allocation Failure) 8M->5M(15M) 7.167ms
[2024-03-29T16:10:32.607+0300][info][gc] GC(5) Pause Young (Allocation Failure) 9M->6M(15M) 4.061ms
[2024-03-29T16:10:32.639+0300][info][gc] GC(6) Pause Young (Allocation Failure) 10M->8M(15M) 5.523ms
[2024-03-29T16:10:32.670+0300][info][gc] GC(7) Pause Young (Allocation Failure) 13M->13M(15M) 0.043ms
[2024-03-29T16:10:32.691+0300][info][gc] GC(8) Pause Full (Allocation Failure) 13M->7M(15M) 21.155ms
[2024-03-29T16:10:32.713+0300][info][gc] GC(9) Pause Young (Allocation Failure) 12M->10M(15M) 5.371ms
[2024-03-29T16:10:32.726+0300][info][gc] GC(10) Pause Young (Allocation Failure) 14M->14M(15M) 0.037ms
[2024-03-29T16:10:32.745+0300][info][gc] GC(11) Pause Full (Allocation Failure) 14M->7M(15M) 18.561ms
[2024-03-29T16:10:32.765+0300][info][gc] GC(12) Pause Young (Allocation Failure) 12M->10M(15M) 6.584ms
[2024-03-29T16:10:32.775+0300][info][gc] GC(13) Pause Young (Allocation Failure) 14M->14M(15M) 0.043ms
[2024-03-29T16:10:32.795+0300][info][gc] GC(14) Pause Full (Allocation Failure) 14M->8M(15M) 20.147ms
[2024-03-29T16:11:00.886+0300][info][gc] GC(15) Pause Young (Allocation Failure) 12M->12M(15M) 0.065ms
[2024-03-29T16:11:00.907+0300][info][gc] GC(16) Pause Full (Allocation Failure) 12M->4M(15M) 20.931ms
[2024-03-29T16:11:20.262+0300][info][gc] GC(17) Pause Young (Allocation Failure) 8M->5M(15M) 2.139ms
[2024-03-29T16:11:20.275+0300][info][gc] GC(18) Pause Young (Allocation Failure) 9M->7M(15M) 3.514ms
[2024-03-29T16:11:20.289+0300][info][gc] GC(19) Pause Young (Allocation Failure) 12M->10M(15M) 4.222ms
[2024-03-29T16:11:20.296+0300][info][gc] GC(20) Pause Young (Allocation Failure) 14M->14M(15M) 0.061ms
[2024-03-29T16:11:20.323+0300][info][gc] GC(21) Pause Full (Allocation Failure) 14M->9M(15M) 26.743ms
[2024-03-29T16:11:20.335+0300][info][gc] GC(22) Pause Young (Allocation Failure) 13M->13M(15M) 0.036ms
[2024-03-29T16:11:20.353+0300][info][gc] GC(23) Pause Full (Allocation Failure) 13M->7M(15M) 18.539ms
[2024-03-29T16:11:20.372+0300][info][gc] GC(24) Pause Young (Allocation Failure) 11M->9M(15M) 6.430ms
[2024-03-29T16:11:20.855+0300][info][gc] GC(25) Pause Young (Allocation Failure) 14M->14M(15M) 0.101ms
[2024-03-29T16:11:20.889+0300][info][gc] GC(26) Pause Full (Allocation Failure) 14M->8M(15M) 33.675ms
[2024-03-29T16:11:54.930+0300][info][gc] GC(27) Pause Young (Allocation Failure) 12M->12M(15M) 0.040ms
[2024-03-29T16:11:54.945+0300][info][gc] GC(28) Pause Full (Allocation Failure) 12M->4M(15M) 15.642ms
