[2024-03-28T18:55:21.262+0300][info][gc] Using Parallel
[2024-03-28T18:55:22.305+0300][info][gc] GC(0) Pause Young (Allocation Failure) 3M->1M(11M) 5.536ms
[2024-03-28T18:55:24.194+0300][info][gc] GC(1) Pause Young (Allocation Failure) 4M->2M(11M) 2.413ms
[2024-03-28T18:55:24.294+0300][info][gc] GC(2) Pause Young (Allocation Failure) 5M->3M(11M) 1.584ms
[2024-03-28T18:55:24.342+0300][info][gc] GC(3) Pause Young (Allocation Failure) 6M->4M(11M) 2.770ms
[2024-03-28T18:55:24.386+0300][info][gc] GC(4) Pause Young (Allocation Failure) 7M->5M(11M) 3.502ms
[2024-03-28T18:55:24.624+0300][info][gc] GC(5) Pause Young (Allocation Failure) 8M->6M(10M) 3.402ms
[2024-03-28T18:55:24.805+0300][info][gc] GC(6) Pause Young (Allocation Failure) 8M->6M(11M) 4.406ms
[2024-03-28T18:55:29.874+0300][info][gc] GC(7) Pause Young (Allocation Failure) 8M->7M(11M) 5.684ms
[2024-03-28T18:55:29.904+0300][info][gc] GC(8) Pause Full (Ergonomics) 7M->4M(11M) 29.307ms
[2024-03-28T18:55:38.863+0300][info][gc] GC(9) Pause Young (Allocation Failure) 6M->5M(11M) 0.555ms
[2024-03-28T18:55:49.882+0300][info][gc] GC(10) Pause Young (Allocation Failure) 6M->5M(11M) 0.509ms
[2024-03-28T18:55:49.887+0300][info][gc] GC(11) Pause Young (Allocation Failure) 7M->6M(11M) 0.444ms
[2024-03-28T18:55:49.892+0300][info][gc] GC(12) Pause Young (Allocation Failure) 8M->6M(11M) 0.570ms
[2024-03-28T18:55:49.913+0300][info][gc] GC(13) Pause Full (Ergonomics) 6M->5M(11M) 20.314ms
[2024-03-28T18:55:49.929+0300][info][gc] GC(14) Pause Young (Allocation Failure) 7M->6M(11M) 1.501ms
[2024-03-28T18:55:49.938+0300][info][gc] GC(15) Pause Young (Allocation Failure) 7M->6M(11M) 0.567ms
[2024-03-28T18:55:49.941+0300][info][gc] GC(16) Pause Young (Allocation Failure) 8M->6M(11M) 0.394ms
[2024-03-28T18:55:49.945+0300][info][gc] GC(17) Pause Young (Allocation Failure) 8M->6M(11M) 0.359ms
[2024-03-28T18:55:49.948+0300][info][gc] GC(18) Pause Young (Allocation Failure) 8M->6M(11M) 0.309ms
[2024-03-28T18:55:49.952+0300][info][gc] GC(19) Pause Young (Allocation Failure) 8M->6M(11M) 0.358ms
[2024-03-28T18:55:49.956+0300][info][gc] GC(20) Pause Young (Allocation Failure) 8M->7M(11M) 0.620ms
[2024-03-28T18:55:49.969+0300][info][gc] GC(21) Pause Full (Ergonomics) 7M->6M(11M) 13.726ms
[2024-03-28T18:55:49.973+0300][info][gc] GC(22) Pause Young (Allocation Failure) 8M->6M(11M) 0.453ms
[2024-03-28T18:55:49.976+0300][info][gc] GC(23) Pause Young (Allocation Failure) 8M->6M(11M) 0.358ms
[2024-03-28T18:55:49.980+0300][info][gc] GC(24) Pause Young (Allocation Failure) 8M->6M(11M) 0.398ms
[2024-03-28T18:55:49.983+0300][info][gc] GC(25) Pause Young (Allocation Failure) 8M->6M(11M) 0.380ms
[2024-03-28T18:55:49.987+0300][info][gc] GC(26) Pause Young (Allocation Failure) 8M->6M(11M) 0.402ms
[2024-03-28T18:55:54.899+0300][info][gc] GC(27) Pause Young (Allocation Failure) 8M->6M(11M) 0.494ms
[2024-03-28T18:56:08.680+0300][info][gc] GC(28) Pause Young (Allocation Failure) 8M->6M(11M) 0.459ms
[2024-03-28T18:56:17.923+0300][info][gc] GC(29) Pause Young (Allocation Failure) 8M->7M(11M) 0.514ms
[2024-03-28T18:56:36.888+0300][info][gc] GC(30) Pause Young (Allocation Failure) 9M->7M(11M) 0.800ms
[2024-03-28T18:56:36.901+0300][info][gc] GC(31) Pause Full (Ergonomics) 7M->5M(11M) 12.408ms
[2024-03-28T18:56:49.951+0300][info][gc] GC(32) Pause Young (Allocation Failure) 7M->5M(11M) 0.659ms
[2024-03-28T18:57:08.963+0300][info][gc] GC(33) Pause Young (Allocation Failure) 7M->5M(11M) 0.590ms
[2024-03-28T18:57:28.907+0300][info][gc] GC(34) Pause Young (Allocation Failure) 7M->5M(11M) 0.451ms
[2024-03-28T18:57:47.985+0300][info][gc] GC(35) Pause Young (Allocation Failure) 7M->5M(11M) 0.466ms
[2024-03-28T18:58:06.994+0300][info][gc] GC(36) Pause Young (Allocation Failure) 7M->5M(11M) 0.487ms
[2024-03-28T18:58:26.930+0300][info][gc] GC(37) Pause Young (Allocation Failure) 7M->5M(11M) 0.839ms
[2024-03-28T18:58:36.931+0300][info][gc] GC(38) Pause Young (Allocation Failure) 7M->6M(11M) 0.479ms
