[2024-03-28T16:35:03.953+0300][info][gc] Using Serial
[2024-03-28T16:35:05.013+0300][info][gc] GC(0) Pause Young (Allocation Failure) 3M->1M(11M) 5.703ms
[2024-03-28T16:35:07.157+0300][info][gc] GC(1) Pause Young (Allocation Failure) 5M->2M(11M) 3.840ms
[2024-03-28T16:35:07.273+0300][info][gc] GC(2) Pause Young (Allocation Failure) 5M->3M(11M) 3.802ms
[2024-03-28T16:35:07.321+0300][info][gc] GC(3) Pause Young (Allocation Failure) 6M->3M(11M) 1.275ms
[2024-03-28T16:35:07.565+0300][info][gc] GC(4) Pause Young (Allocation Failure) 6M->3M(11M) 2.127ms
[2024-03-28T16:35:07.918+0300][info][gc] GC(5) Pause Young (Allocation Failure) 6M->4M(11M) 4.896ms
[2024-03-28T16:35:19.074+0300][info][gc] GC(6) Pause Young (Allocation Failure) 7M->4M(11M) 2.970ms
[2024-03-28T16:35:38.108+0300][info][gc] GC(7) Pause Young (Allocation Failure) 7M->5M(11M) 4.200ms
[2024-03-28T16:35:50.649+0300][info][gc] GC(8) Pause Young (Allocation Failure) 8M->6M(11M) 1.574ms
[2024-03-28T16:35:50.673+0300][info][gc] GC(9) Pause Young (Allocation Failure) 9M->6M(11M) 0.576ms
[2024-03-28T16:35:50.691+0300][info][gc] GC(10) Pause Young (Allocation Failure) 9M->6M(11M) 0.518ms
[2024-03-28T16:35:50.698+0300][info][gc] GC(11) Pause Young (Allocation Failure) 9M->6M(11M) 1.371ms
[2024-03-28T16:35:50.703+0300][info][gc] GC(12) Pause Young (Allocation Failure) 9M->9M(11M) 0.037ms
[2024-03-28T16:35:50.720+0300][info][gc] GC(13) Pause Full (Allocation Failure) 9M->6M(11M) 16.613ms
[2024-03-28T16:35:50.725+0300][info][gc] GC(14) Pause Young (Allocation Failure) 9M->6M(11M) 0.535ms
[2024-03-28T16:35:50.730+0300][info][gc] GC(15) Pause Young (Allocation Failure) 9M->6M(11M) 0.281ms
[2024-03-28T16:35:50.735+0300][info][gc] GC(16) Pause Young (Allocation Failure) 10M->6M(11M) 0.439ms
[2024-03-28T16:35:50.739+0300][info][gc] GC(17) Pause Young (Allocation Failure) 9M->9M(11M) 0.039ms
[2024-03-28T16:35:50.751+0300][info][gc] GC(18) Pause Full (Allocation Failure) 9M->6M(11M) 13.151ms
[2024-03-28T16:36:06.122+0300][info][gc] GC(19) Pause Young (Allocation Failure) 10M->10M(11M) 0.067ms
[2024-03-28T16:36:06.138+0300][info][gc] GC(20) Pause Full (Allocation Failure) 10M->5M(11M) 16.079ms
[2024-03-28T16:36:27.139+0300][info][gc] GC(21) Pause Young (Allocation Failure) 8M->6M(11M) 1.217ms
[2024-03-28T16:36:58.159+0300][info][gc] GC(22) Pause Young (Allocation Failure) 9M->6M(11M) 0.530ms
[2024-03-28T16:37:05.725+0300][info][gc] GC(23) Pause Young (Allocation Failure) 9M->6M(11M) 0.467ms
[2024-03-28T16:37:07.625+0300][info][gc] GC(24) Pause Young (Allocation Failure) 9M->6M(11M) 0.935ms
[2024-03-28T16:37:09.623+0300][info][gc] GC(25) Pause Young (Allocation Failure) 9M->6M(11M) 0.634ms
[2024-03-28T16:37:11.524+0300][info][gc] GC(26) Pause Young (Allocation Failure) 9M->6M(11M) 0.518ms
[2024-03-28T16:37:21.090+0300][info][gc] GC(27) Pause Young (Allocation Failure) 9M->6M(11M) 0.464ms
[2024-03-28T16:37:52.184+0300][info][gc] GC(28) Pause Young (Allocation Failure) 9M->6M(11M) 0.704ms
[2024-03-28T16:38:02.793+0300][info][gc] GC(29) Pause Young (Allocation Failure) 9M->6M(11M) 0.786ms
[2024-03-28T16:38:04.792+0300][info][gc] GC(30) Pause Young (Allocation Failure) 9M->6M(11M) 0.478ms
[2024-03-28T16:38:06.793+0300][info][gc] GC(31) Pause Young (Allocation Failure) 9M->6M(11M) 0.478ms
[2024-03-28T16:38:08.594+0300][info][gc] GC(32) Pause Young (Allocation Failure) 9M->6M(11M) 0.773ms
[2024-03-28T16:38:10.293+0300][info][gc] GC(33) Pause Young (Allocation Failure) 9M->6M(11M) 0.529ms
[2024-03-28T16:38:11.893+0300][info][gc] GC(34) Pause Young (Allocation Failure) 9M->6M(11M) 0.691ms
[2024-03-28T16:38:13.491+0300][info][gc] GC(35) Pause Young (Allocation Failure) 9M->6M(11M) 0.586ms
[2024-03-28T16:38:15.096+0300][info][gc] GC(36) Pause Young (Allocation Failure) 9M->6M(11M) 1.744ms
[2024-03-28T16:38:16.692+0300][info][gc] GC(37) Pause Young (Allocation Failure) 9M->6M(11M) 1.370ms
[2024-03-28T16:38:18.199+0300][info][gc] GC(38) Pause Young (Allocation Failure) 9M->6M(11M) 1.466ms
[2024-03-28T16:38:19.394+0300][info][gc] GC(39) Pause Young (Allocation Failure) 9M->7M(11M) 1.583ms
[2024-03-28T16:38:21.092+0300][info][gc] GC(40) Pause Young (Allocation Failure) 10M->10M(11M) 0.037ms
[2024-03-28T16:38:21.108+0300][info][gc] GC(41) Pause Full (Allocation Failure) 10M->5M(11M) 16.231ms
[2024-03-28T16:38:22.792+0300][info][gc] GC(42) Pause Young (Allocation Failure) 9M->5M(11M) 0.568ms
[2024-03-28T16:38:24.393+0300][info][gc] GC(43) Pause Young (Allocation Failure) 9M->5M(11M) 0.516ms
[2024-03-28T16:38:26.093+0300][info][gc] GC(44) Pause Young (Allocation Failure) 9M->5M(11M) 0.673ms
[2024-03-28T16:38:27.694+0300][info][gc] GC(45) Pause Young (Allocation Failure) 9M->5M(11M) 1.275ms
[2024-03-28T16:38:29.206+0300][info][gc] GC(46) Pause Young (Allocation Failure) 9M->5M(11M) 0.793ms
[2024-03-28T16:38:30.892+0300][info][gc] GC(47) Pause Young (Allocation Failure) 9M->5M(11M) 0.446ms
[2024-03-28T16:38:32.492+0300][info][gc] GC(48) Pause Young (Allocation Failure) 9M->5M(11M) 0.535ms
[2024-03-28T16:38:34.095+0300][info][gc] GC(49) Pause Young (Allocation Failure) 9M->5M(11M) 1.487ms
[2024-03-28T16:38:35.693+0300][info][gc] GC(50) Pause Young (Allocation Failure) 9M->5M(11M) 0.511ms
[2024-03-28T16:38:37.295+0300][info][gc] GC(51) Pause Young (Allocation Failure) 9M->5M(11M) 1.387ms
[2024-03-28T16:38:38.994+0300][info][gc] GC(52) Pause Young (Allocation Failure) 9M->5M(11M) 1.514ms
